Initializing model...
[info] set active adapter to: 0001000_adapters.safetensors
Loading model from /Users/aryanjain/projects/mindmate/models/mlx_base_llama32_3b
Loading adapter from /Users/aryanjain/projects/mindmate/adapters/mindmate_llama32_3b_qlora_nl10_3072_lr3e5
Model initialized.
 * Serving Flask app 'app'
 * Debug mode: off
[31m[1mWARNING: This is a development server. Do not use it in a production deployment. Use a production WSGI server instead.[0m
 * Running on http://127.0.0.1:8000
[33mPress CTRL+C to quit[0m
127.0.0.1 - - [09/Feb/2026 00:51:35] "POST /chat HTTP/1.1" 200 -
[DEBUG] /end_session called for test_auto_1770569456
127.0.0.1 - - [09/Feb/2026 00:51:35] "POST /end_session HTTP/1.1" 200 -
python(40560) MallocStackLogging: can't turn off malloc stack logging because it was not enabled.
huggingface/tokenizers: The current process just got forked, after parallelism has already been used. Disabling parallelism to avoid deadlocks...
To disable this warning, you can either:
	- Avoid using `tokenizers` before the fork if possible
	- Explicitly set the environment variable TOKENIZERS_PARALLELISM=(true | false)
[MemoryEngine] Appended new session. Total sessions: 4
[MemoryEngine] Updated patterns: [{'topic': 'exams', 'count': 3, 'first_detected': '2026-02-09T00:52:53.909881'}, {'topic': 'anxiety', 'count': 3, 'first_detected': '2026-02-09T00:52:53.910233'}]
[MemoryEngine] Profile saved safely.
